

================================================================
== Vitis HLS Report for 'infer_Pipeline_VITIS_LOOP_108_3'
================================================================
* Date:           Wed May 15 15:49:41 2024

* Version:        2023.1 (Build 3854077 on May  4 2023)
* Project:        lstm_hls
* Solution:       solution1 (Vivado IP Flow Target)
* Product family: zynquplus
* Target device:  xczu5eg-sfvc784-1-e


================================================================
== Performance Estimates
================================================================
+ Timing: 
    * Summary: 
    +--------+----------+----------+------------+
    |  Clock |  Target  | Estimated| Uncertainty|
    +--------+----------+----------+------------+
    |ap_clk  |  10.00 ns|  2.704 ns|     2.70 ns|
    +--------+----------+----------+------------+

+ Latency: 
    * Summary: 
    +---------+---------+----------+----------+-----+-----+---------+
    |  Latency (cycles) |  Latency (absolute) |  Interval | Pipeline|
    |   min   |   max   |    min   |    max   | min | max |   Type  |
    +---------+---------+----------+----------+-----+-----+---------+
    |      130|      130|  1.300 us|  1.300 us|  130|  130|       no|
    +---------+---------+----------+----------+-----+-----+---------+

    + Detail: 
        * Instance: 
        N/A

        * Loop: 
        +--------------------+---------+---------+----------+-----------+-----------+------+----------+
        |                    |  Latency (cycles) | Iteration|  Initiation Interval  | Trip |          |
        |      Loop Name     |   min   |   max   |  Latency |  achieved |   target  | Count| Pipelined|
        +--------------------+---------+---------+----------+-----------+-----------+------+----------+
        |- VITIS_LOOP_108_3  |      128|      128|         2|          1|          1|   128|       yes|
        +--------------------+---------+---------+----------+-----------+-----------+------+----------+



================================================================
== Utilization Estimates
================================================================
* Summary: 
+-----------------+---------+------+--------+--------+-----+
|       Name      | BRAM_18K|  DSP |   FF   |   LUT  | URAM|
+-----------------+---------+------+--------+--------+-----+
|DSP              |        -|     -|       -|       -|    -|
|Expression       |        -|     -|       0|      48|    -|
|FIFO             |        -|     -|       -|       -|    -|
|Instance         |        -|     -|       -|       -|    -|
|Memory           |        -|     -|       -|       -|    -|
|Multiplexer      |        -|     -|       -|      36|    -|
|Register         |        -|     -|      19|       -|    -|
+-----------------+---------+------+--------+--------+-----+
|Total            |        0|     0|      19|      84|    0|
+-----------------+---------+------+--------+--------+-----+
|Available        |      288|  1248|  234240|  117120|   64|
+-----------------+---------+------+--------+--------+-----+
|Utilization (%)  |        0|     0|      ~0|      ~0|    0|
+-----------------+---------+------+--------+--------+-----+

+ Detail: 
    * Instance: 
    N/A

    * DSP: 
    N/A

    * Memory: 
    N/A

    * FIFO: 
    N/A

    * Expression: 
    +----------------------+----------+----+---+----+------------+------------+
    |     Variable Name    | Operation| DSP| FF| LUT| Bitwidth P0| Bitwidth P1|
    +----------------------+----------+----+---+----+------------+------------+
    |add_ln108_1_fu_77_p2  |         +|   0|  0|  15|           8|           1|
    |add_ln108_fu_93_p2    |         +|   0|  0|  15|           8|           3|
    |icmp_ln108_fu_71_p2   |      icmp|   0|  0|  16|           8|           9|
    |ap_enable_pp0         |       xor|   0|  0|   2|           1|           2|
    +----------------------+----------+----+---+----+------------+------------+
    |Total                 |          |   0|  0|  48|          25|          15|
    +----------------------+----------+----+---+----+------------+------------+

    * Multiplexer: 
    +-------------------------+----+-----------+-----+-----------+
    |           Name          | LUT| Input Size| Bits| Total Bits|
    +-------------------------+----+-----------+-----+-----------+
    |ap_done_int              |   9|          2|    1|          2|
    |ap_enable_reg_pp0_iter1  |   9|          2|    1|          2|
    |ap_sig_allocacmp_j_1     |   9|          2|    8|         16|
    |j_fu_32                  |   9|          2|    8|         16|
    +-------------------------+----+-----------+-----+-----------+
    |Total                    |  36|          8|   18|         36|
    +-------------------------+----+-----------+-----+-----------+

    * Register: 
    +-------------------------+---+----+-----+-----------+
    |           Name          | FF| LUT| Bits| Const Bits|
    +-------------------------+---+----+-----+-----------+
    |ap_CS_fsm                |  1|   0|    1|          0|
    |ap_done_reg              |  1|   0|    1|          0|
    |ap_enable_reg_pp0_iter1  |  1|   0|    1|          0|
    |j_1_reg_110              |  8|   0|    8|          0|
    |j_fu_32                  |  8|   0|    8|          0|
    +-------------------------+---+----+-----+-----------+
    |Total                    | 19|   0|   19|          0|
    +-------------------------+---+----+-----+-----------+



================================================================
== Interface
================================================================
* Summary: 
+----------------+-----+-----+------------+---------------------------------+--------------+
|    RTL Ports   | Dir | Bits|  Protocol  |          Source Object          |    C Type    |
+----------------+-----+-----+------------+---------------------------------+--------------+
|ap_clk          |   in|    1|  ap_ctrl_hs|  infer_Pipeline_VITIS_LOOP_108_3|  return value|
|ap_rst          |   in|    1|  ap_ctrl_hs|  infer_Pipeline_VITIS_LOOP_108_3|  return value|
|ap_start        |   in|    1|  ap_ctrl_hs|  infer_Pipeline_VITIS_LOOP_108_3|  return value|
|ap_done         |  out|    1|  ap_ctrl_hs|  infer_Pipeline_VITIS_LOOP_108_3|  return value|
|ap_idle         |  out|    1|  ap_ctrl_hs|  infer_Pipeline_VITIS_LOOP_108_3|  return value|
|ap_ready        |  out|    1|  ap_ctrl_hs|  infer_Pipeline_VITIS_LOOP_108_3|  return value|
|h_t_address0    |  out|    7|   ap_memory|                              h_t|         array|
|h_t_ce0         |  out|    1|   ap_memory|                              h_t|         array|
|h_t_q0          |   in|   32|   ap_memory|                              h_t|         array|
|vec_i_address0  |  out|    8|   ap_memory|                            vec_i|         array|
|vec_i_ce0       |  out|    1|   ap_memory|                            vec_i|         array|
|vec_i_we0       |  out|    1|   ap_memory|                            vec_i|         array|
|vec_i_d0        |  out|   32|   ap_memory|                            vec_i|         array|
+----------------+-----+-----+------------+---------------------------------+--------------+

